../Core/Src/stm32f7xx_it.c:72:6:NMI_Handler	4	static
../Core/Src/stm32f7xx_it.c:85:6:HardFault_Handler	4	static
../Core/Src/stm32f7xx_it.c:98:6:MemManage_Handler	4	static
../Core/Src/stm32f7xx_it.c:111:6:BusFault_Handler	4	static
../Core/Src/stm32f7xx_it.c:124:6:UsageFault_Handler	4	static
../Core/Src/stm32f7xx_it.c:137:6:SVC_Handler	4	static
../Core/Src/stm32f7xx_it.c:149:6:DebugMon_Handler	4	static
../Core/Src/stm32f7xx_it.c:161:6:PendSV_Handler	4	static
../Core/Src/stm32f7xx_it.c:195:6:TIM1_UP_TIM10_IRQHandler	8	static
